
> mydailytradingsignals-frontend@1.0.0 build
> next build

   Creating an optimized production build ...
 Γ£ô Compiled successfully
   Linting and checking validity of types ...
