
> mydailytradingsignals-frontend@1.0.0 build
> next build

   Creating an optimized production build ...
 Γ£ô Compiled successfully
   Skipping linting
   Checking validity of types ...
node.exe : Failed to compile.
At line:1 char:1
+ & "C:\Program Files\nodejs/node.exe" "C:\Program Files\nodejs/node_mo ...
+ ~~~~~~~~~~~~~~~~~~~~~~~~~~~~~~~~~~~~~~~~~~~~~~~~~~~~~~~~~~~~~~~~~~~~~
    + CategoryInfo          : NotSpecified: (Failed to compile.:String) [], Re 
   moteException
    + FullyQualifiedErrorId : NativeCommandError
 

./hooks/useOverallMarketOutlook.ts:829:13
Type error: 'bias' is declared but its value is never read.

[0m [90m 827 | [39m      [36mconst[39m classic [33m=[39m 
pivotIndicators[33m.[39mclassic_pivots [33m||[39m {}[33m;[39m[0m
[0m [90m 828 | [39m      [36mconst[39m camarilla [33m=[39m 
pivotIndicators[33m.[39mcamarilla_pivots [33m||[39m {}[33m;[39m[0m
[0m[31m[1m>[22m[39m[90m 829 | [39m      [36mconst[39m bias 
[33m=[39m pivotIndicators[33m.[39moverall_bias [33m||[39m 
[32m'NEUTRAL'[39m[33m;[39m[0m
[0m [90m     | [39m            [31m[1m^[22m[39m[0m
[0m [90m 830 | [39m      [0m
[0m [90m 831 | [39m      [90m// Detect Supertrend crossing[39m[0m
[0m [90m 832 | [39m      [36mconst[39m isSupertrend10Crossing [33m=[39m 
st10[33m.[39msignal [33m&&[39m (st10[33m.[39msignal [33m===[39m 
[32m'BUY'[39m [33m||[39m st10[33m.[39msignal [33m===[39m 
[32m'SELL'[39m)[33m;[39m[0m
