
> mydailytradingsignals-frontend@1.0.0 build
> next build

   Creating an optimized production build ...
 Γ£ô Compiled successfully
   Skipping linting
   Checking validity of types ...
   Collecting page data ...
   Generating static pages (0/8) ...

   Generating static pages (2/8) 

   Generating static pages (4/8) 

   Generating static pages (6/8) 

 Γ£ô Generating static pages (8/8) 
   Finalizing page optimization ...
   Collecting build traces ...

Route (app)                                Size     First Load JS
Γöî ╬╗ /                                      15.5 kB        99.4 kB
Γö£ ╬╗ /_not-found                            0 B                0 B
Γö£ ╬╗ /api/admin/restart                     0 B                0 B
Γö£ ╬╗ /chart-intel                           179 B          88.3 kB
Γö£ ╬╗ /chart-intel/[symbol]                  65.3 kB         149 kB
Γö£ ╬╗ /chart/[symbol]                        1.55 kB        82.7 kB
Γö£ ╬╗ /dashboard                             6.2 kB         90.1 kB
Γöö ╬╗ /login                                 2.41 kB        83.5 kB
+ First Load JS shared by all              81.1 kB
  Γö£ chunks/2472-c49978ec822a24b3.js        27.5 kB
  Γö£ chunks/fd9d1056-b623b6d5edfe0df5.js    51.1 kB
  Γö£ chunks/main-app-d01618138970e054.js    228 B
  Γöö chunks/webpack-fb35b7135e0fa6d9.js     2.33 kB

Route (pages)                              Size     First Load JS
ΓöÇ   /_app                                  0 B            80.9 kB
+ First Load JS shared by all              80.9 kB
  Γö£ chunks/framework-5258ae621c305960.js   45.4 kB
  Γö£ chunks/main-18fbbe9a402922ae.js        32.9 kB
  Γö£ chunks/pages/_app-3a247a64be8516e5.js  300 B
  Γöö chunks/webpack-fb35b7135e0fa6d9.js     2.33 kB

╬╗  (Server)  server-side renders at runtime (uses getInitialProps or getServerSideProps)

