≡ƒöº Configuration loaded from .env
   ΓåÆ Redirect URL: http://localhost:8000/api/auth/callback
   ΓåÆ Frontend URL: http://localhost:3000

≡ƒÜ¿ CONFIGURATION WARNINGS:
   ΓÜá∩╕Å  JWT_SECRET using placeholder/default value (should be unique for production)
   ΓÜá∩╕Å  REDIRECT_URL may be incorrect for production
Γ£à _calc_oi_momentum imported successfully

Calling _calc_oi_momentum('NIFTY'...
[OK] In-memory cache initialized
Γ£à Result signal: NO_SIGNAL
   Confidence: 0
   Reasons: ['Waiting for live market data ΓÇö accumulating candles']
